Last updated on Thu Feb 26 17:12:10 UTC 2026
Last updated on Fri Feb 27 04:21:08 UTC 2026
Last updated on Sat Feb 28 04:01:34 UTC 2026
Last updated on Sun Mar  1 04:29:47 UTC 2026
Last updated on Mon Mar  2 04:22:17 UTC 2026
Last updated on Tue Mar  3 04:22:13 UTC 2026
Last updated on Wed Mar  4 04:16:27 UTC 2026
Last updated on Thu Mar  5 04:20:05 UTC 2026
Last updated on Fri Mar  6 04:16:59 UTC 2026
Last updated on Sat Mar  7 04:07:01 UTC 2026
Last updated on Sun Mar  8 04:19:34 UTC 2026
Last updated on Mon Mar  9 04:25:46 UTC 2026
Last updated on Tue Mar 10 04:17:51 UTC 2026
Last updated on Wed Mar 11 04:17:54 UTC 2026
Last updated on Thu Mar 12 04:21:19 UTC 2026
Last updated on Fri Mar 13 04:20:14 UTC 2026
Last updated on Sat Mar 14 04:18:41 UTC 2026
Last updated on Sun Mar 15 04:40:10 UTC 2026
Last updated on Mon Mar 16 04:47:36 UTC 2026
Last updated on Tue Mar 17 04:25:48 UTC 2026
Last updated on Wed Mar 18 04:31:18 UTC 2026
Last updated on Thu Mar 19 04:30:04 UTC 2026
Last updated on Fri Mar 20 04:21:52 UTC 2026
Last updated on Sat Mar 21 04:13:08 UTC 2026
Last updated on Sun Mar 22 04:27:43 UTC 2026
Last updated on Mon Mar 23 04:36:50 UTC 2026
Last updated on Tue Mar 24 04:26:28 UTC 2026
Last updated on Wed Mar 25 04:28:05 UTC 2026
Last updated on Thu Mar 26 04:40:09 UTC 2026
Last updated on Fri Mar 27 04:41:01 UTC 2026
Last updated on Sat Mar 28 04:28:03 UTC 2026
Last updated on Sun Mar 29 04:44:09 UTC 2026
Last updated on Mon Mar 30 05:06:30 UTC 2026
Last updated on Tue Mar 31 04:43:01 UTC 2026
Last updated on Wed Apr  1 05:06:40 UTC 2026
Last updated on Thu Apr  2 04:37:23 UTC 2026
Last updated on Fri Apr  3 04:38:17 UTC 2026
Last updated on Sat Apr  4 04:25:05 UTC 2026
Last updated on Sun Apr  5 04:44:37 UTC 2026
Last updated on Mon Apr  6 04:52:29 UTC 2026
Last updated on Tue Apr  7 04:41:19 UTC 2026
Last updated on Wed Apr  8 04:44:43 UTC 2026
Last updated on Thu Apr  9 04:41:41 UTC 2026
Last updated on Fri Apr 10 05:07:16 UTC 2026
Last updated on Sat Apr 11 04:28:11 UTC 2026
Last updated on Sun Apr 12 05:06:13 UTC 2026
Last updated on Mon Apr 13 05:22:22 UTC 2026
Last updated on Tue Apr 14 05:05:44 UTC 2026
Last updated on Wed Apr 15 05:06:09 UTC 2026
Last updated on Thu Apr 16 05:11:30 UTC 2026
Last updated on Fri Apr 17 05:10:05 UTC 2026
Last updated on Sat Apr 18 04:40:10 UTC 2026
Last updated on Sun Apr 19 05:10:41 UTC 2026
Last updated on Mon Apr 20 05:20:59 UTC 2026
Last updated on Tue Apr 21 05:08:52 UTC 2026
Last updated on Wed Apr 22 05:06:57 UTC 2026
Last updated on Thu Apr 23 05:11:01 UTC 2026
Last updated on Fri Apr 24 05:15:51 UTC 2026
Last updated on Sat Apr 25 04:43:54 UTC 2026
Last updated on Sun Apr 26 05:19:54 UTC 2026
Last updated on Mon Apr 27 05:32:38 UTC 2026
Last updated on Tue Apr 28 05:38:43 UTC 2026
Last updated on Wed Apr 29 05:34:01 UTC 2026
Last updated on Thu Apr 30 05:38:14 UTC 2026
Last updated on Fri May  1 05:49:11 UTC 2026
Last updated on Sat May  2 05:18:56 UTC 2026
Last updated on Sun May  3 05:38:03 UTC 2026
Last updated on Mon May  4 05:43:47 UTC 2026
Last updated on Tue May  5 05:22:22 UTC 2026
Last updated on Wed May  6 05:36:37 UTC 2026
Last updated on Thu May  7 05:39:54 UTC 2026
Last updated on Fri May  8 05:11:16 UTC 2026
Last updated on Sat May  9 05:29:04 UTC 2026
Last updated on Sun May 10 05:44:48 UTC 2026
Last updated on Mon May 11 06:07:04 UTC 2026
Last updated on Tue May 12 05:46:56 UTC 2026
Last updated on Wed May 13 05:56:26 UTC 2026
Last updated on Thu May 14 05:55:32 UTC 2026
Last updated on Fri May 15 06:02:55 UTC 2026
Last updated on Sat May 16 05:34:25 UTC 2026
Last updated on Sun May 17 05:55:43 UTC 2026
Last updated on Mon May 18 06:32:25 UTC 2026
Last updated on Tue May 19 06:18:51 UTC 2026
Last updated on Wed May 20 06:18:10 UTC 2026
Last updated on Thu May 21 06:18:53 UTC 2026
Last updated on Fri May 22 06:18:05 UTC 2026
Last updated on Sat May 23 05:47:05 UTC 2026
Last updated on Sun May 24 06:10:01 UTC 2026
Last updated on Mon May 25 06:45:18 UTC 2026
Last updated on Tue May 26 06:16:24 UTC 2026
Last updated on Wed May 27 06:39:03 UTC 2026
Last updated on Thu May 28 06:20:51 UTC 2026
Last updated on Fri May 29 06:31:43 UTC 2026
Last updated on Sat May 30 05:55:04 UTC 2026
Last updated on Sun May 31 06:33:59 UTC 2026
Last updated on Mon Jun  1 07:21:24 UTC 2026
Last updated on Tue Jun  2 06:54:54 UTC 2026
Last updated on Wed Jun  3 07:06:09 UTC 2026
Last updated on Thu Jun  4 06:54:38 UTC 2026
Last updated on Fri Jun  5 06:42:02 UTC 2026
Last updated on Sat Jun  6 06:01:19 UTC 2026
Last updated on Sun Jun  7 06:41:10 UTC 2026
Last updated on Mon Jun  8 07:01:31 UTC 2026
Last updated on Tue Jun  9 06:17:59 UTC 2026
Last updated on Wed Jun 10 06:40:27 UTC 2026
Last updated on Thu Jun 11 07:03:11 UTC 2026
Last updated on Fri Jun 12 06:54:20 UTC 2026
Last updated on Sat Jun 13 06:31:25 UTC 2026
Last updated on Sun Jun 14 06:56:06 UTC 2026
Last updated on Mon Jun 15 07:35:48 UTC 2026
Last updated on Tue Jun 16 07:40:52 UTC 2026
Last updated on Wed Jun 17 07:25:37 UTC 2026
Last updated on Thu Jun 18 07:03:57 UTC 2026
Last updated on Fri Jun 19 07:24:59 UTC 2026
Last updated on Sat Jun 20 06:39:32 UTC 2026
Last updated on Sun Jun 21 07:05:04 UTC 2026
Last updated on Mon Jun 22 07:38:51 UTC 2026
Last updated on Tue Jun 23 06:18:17 UTC 2026
Last updated on Wed Jun 24 06:14:52 UTC 2026
Last updated on Thu Jun 25 06:18:06 UTC 2026
Last updated on Fri Jun 26 06:19:10 UTC 2026
Last updated on Sat Jun 27 06:00:31 UTC 2026
Last updated on Sun Jun 28 06:35:55 UTC 2026
Last updated on Mon Jun 29 07:02:33 UTC 2026
Last updated on Tue Jun 30 06:31:38 UTC 2026
Last updated on Wed Jul  1 06:43:05 UTC 2026
Last updated on Thu Jul  2 06:08:33 UTC 2026
Last updated on Fri Jul  3 06:02:18 UTC 2026
Last updated on Sat Jul  4 05:54:09 UTC 2026
Last updated on Sun Jul  5 06:13:56 UTC 2026
Last updated on Mon Jul  6 06:46:01 UTC 2026
Last updated on Tue Jul  7 06:17:21 UTC 2026
Last updated on Wed Jul  8 05:29:52 UTC 2026
Last updated on Thu Jul  9 06:19:20 UTC 2026
Last updated on Fri Jul 10 06:13:46 UTC 2026
Last updated on Sat Jul 11 05:20:58 UTC 2026
Last updated on Sun Jul 12 05:36:43 UTC 2026
Last updated on Mon Jul 13 05:47:29 UTC 2026
Last updated on Tue Jul 14 05:08:13 UTC 2026
Last updated on Wed Jul 15 05:08:57 UTC 2026
Last updated on Thu Jul 16 05:18:35 UTC 2026
Last updated on Fri Jul 17 05:21:32 UTC 2026
Last updated on Sat Jul 18 05:04:09 UTC 2026
Last updated on Sun Jul 19 05:31:15 UTC 2026
Last updated on Mon Jul 20 05:48:35 UTC 2026
Last updated on Tue Jul 21 05:29:02 UTC 2026
Last updated on Wed Jul 22 05:28:02 UTC 2026
Last updated on Thu Jul 23 05:33:16 UTC 2026
Last updated on Fri Jul 24 05:28:40 UTC 2026
Last updated on Sat Jul 25 05:22:47 UTC 2026
Last updated on Sun Jul 26 05:40:08 UTC 2026
Last updated on Mon Jul 27 05:58:54 UTC 2026
Last updated on Tue Jul 28 05:23:41 UTC 2026
Last updated on Wed Jul 29 05:30:32 UTC 2026
Last updated on Thu Jul 30 05:16:47 UTC 2026
Last updated on Fri Jul 31 05:44:30 UTC 2026
Last updated on Sat Aug  1 05:34:44 UTC 2026
Last updated on Sun Aug  2 05:35:34 UTC 2026
Last updated on Mon Aug  3 05:51:30 UTC 2026
Last updated on Tue Aug  4 05:23:32 UTC 2026
Last updated on Wed Aug  5 05:23:30 UTC 2026
Last updated on Thu Aug  6 05:25:36 UTC 2026
Last updated on Fri Aug  7 04:31:32 UTC 2026
Last updated on Sat Aug  8 03:41:42 UTC 2026
Last updated on Sun Aug  9 03:51:24 UTC 2026
